[excluded] lambdafold/amazon-google: 29 of 88 Case-3 block pairs (33%) are too large for the context; keeping only the small ones would bias the cell
[excluded] lambdafold/walmart-amazon: 85 of 86 Case-3 block pairs (99%) are too large for the context; keeping only the small ones would bias the cell
[excluded] lambdafold/dblp-scholar: 236 of 440 Case-3 block pairs (54%) are too large for the context; keeping only the small ones would bias the cell
[excluded] simcse/walmart-amazon: PC 0.207 outside [0.45, 0.8]
[excluded] simcse/dblp-scholar: 120 of 259 Case-3 block pairs (46%) are too large for the context; keeping only the small ones would bias the cell
[excluded] reclin2/dblp-acm: only 3 usable Case-3 block pairs (3 Case-3, 0 too large for the context)
[excluded] klsh/amazon-google: PC 0.362 outside [0.45, 0.8]
[excluded] klsh/walmart-amazon: PC 0.377 outside [0.45, 0.8]
[excluded] klsh/abt-buy: PC 0.442 outside [0.45, 0.8]
[excluded] klsh/dblp-scholar: 28 of 28 Case-3 block pairs (100%) are too large for the context; keeping only the small ones would bias the cell
[panel] 40 instances, 24 workers
v0 cora             dPC=+0.1483 d|C|=+34.07% pairs=+2549 ops={'move_to_x': 29, 'none': 1}
v0 cora             dPC=+0.0349 d|C|=-2.40% pairs=+599 ops={'move_to_x': 31, 'none': 1}
v0 cora             dPC=+0.0257 d|C|=-2.69% pairs=+442 ops={'move_to_x': 32}
v0 amazon-google    dPC=+0.0308 d|C|=+0.00% pairs=+40 ops={'move_to_x': 32}
v0 amazon-google    dPC=+0.0315 d|C|=+0.62% pairs=+41 ops={'move_to_x': 32}
v0 amazon-google    dPC=+0.0315 d|C|=+0.56% pairs=+41 ops={'move_to_x': 31}
v0 amazon-google    dPC=+0.0354 d|C|=+0.40% pairs=+46 ops={'move_to_x': 32}
v0 amazon-google    dPC=+0.0269 d|C|=+0.53% pairs=+35 ops={'move_to_x': 32}
v0 cora             dPC=+0.0529 d|C|=-1.40% pairs=+909 ops={'none': 1, 'move_to_x': 31}
v0 cora             dPC=+0.0233 d|C|=-0.06% pairs=+400 ops={'move_to_x': 32}
v0 amazon-google    dPC=+0.0246 d|C|=+0.24% pairs=+32 ops={'move_to_x': 31}
v0 amazon-google    dPC=+0.0285 d|C|=+0.74% pairs=+37 ops={'move_to_x': 32}
v0 dblp-acm         dPC=+0.0135 d|C|=-0.22% pairs=+30 ops={'move_to_x': 32}
v0 amazon-google    dPC=+0.0315 d|C|=-0.07% pairs=+41 ops={'move_to_x': 32}
v0 dblp-acm         dPC=+0.0139 d|C|=-0.38% pairs=+31 ops={'move_to_x': 32}
v0 dblp-acm         dPC=+0.0144 d|C|=-0.31% pairs=+32 ops={'move_to_x': 32}
v0 dblp-acm         dPC=+0.0148 d|C|=-0.24% pairs=+33 ops={'move_to_x': 32}
v0 cora             dPC=+0.1393 d|C|=+28.36% pairs=+2393 ops={'move_to_x': 31, 'none': 1}
v0 cora             dPC=+0.1224 d|C|=+25.74% pairs=+2104 ops={'move_to_x': 30, 'none': 1}
v0 cora             dPC=+0.1896 d|C|=+41.87% pairs=+3258 ops={'move_to_x': 32}
v0 dblp-acm         dPC=+0.0139 d|C|=-0.00% pairs=+31 ops={'move_to_x': 32}
v0 dblp-acm         dPC=+0.0144 d|C|=-0.19% pairs=+32 ops={'move_to_x': 32}
v0 dblp-acm         dPC=+0.0144 d|C|=-0.17% pairs=+32 ops={'move_to_x': 32}
v0 dblp-acm         dPC=+0.0144 d|C|=+0.19% pairs=+32 ops={'move_to_x': 32}
v0 cora             dPC=+0.0684 d|C|=+19.29% pairs=+1176 ops={'move_to_x': 31}
v0 cora             dPC=+0.0319 d|C|=+7.49% pairs=+548 ops={'move_to_x': 31}
v0 walmart-amazon   dPC=+0.0347 d|C|=-0.10% pairs=+40 ops={'move_to_x': 32}
v0 walmart-amazon   dPC=+0.0329 d|C|=-0.15% pairs=+38 ops={'move_to_x': 32}
v0 walmart-amazon   dPC=+0.0312 d|C|=-0.12% pairs=+36 ops={'move_to_x': 32}
v0 walmart-amazon   dPC=+0.0329 d|C|=-0.10% pairs=+38 ops={'move_to_x': 32}
v0 cora             dPC=+0.0087 d|C|=+0.85% pairs=+150 ops={'move_to_x': 31, 'none': 1}
v0 cora             dPC=+0.0204 d|C|=+2.90% pairs=+350 ops={'move_to_x': 30, 'none': 2}
v0 cora             dPC=+0.0136 d|C|=+1.88% pairs=+234 ops={'none': 2, 'move_to_x': 30}
v0 cora             dPC=+0.0140 d|C|=+2.02% pairs=+241 ops={'move_to_x': 31, 'none': 1}
v0 dblp-acm         dPC=+0.0135 d|C|=+0.18% pairs=+30 ops={'move_to_x': 32}
v0 dblp-acm         dPC=+0.0144 d|C|=-0.05% pairs=+32 ops={'move_to_x': 32}
v0 dblp-acm         dPC=+0.0144 d|C|=-0.03% pairs=+32 ops={'move_to_x': 32}
v0 dblp-acm         dPC=+0.0139 d|C|=+0.14% pairs=+31 ops={'move_to_x': 32}
v0 cora             dPC=+0.0133 d|C|=+17.99% pairs=+228 ops={'move_to_x': 32}
v0 cora             dPC=+0.0771 d|C|=+31.35% pairs=+1325 ops={'move_to_x': 32}
{
  "variants": 1,
  "n_pairs_per_instance": 32,
  "order": "random",
  "per_cell": {
    "klsh/cora": {
      "d_pc_mean": 0.04767516294227189,
      "d_pc_spread": 0.06383845437616387,
      "d_c_rel_mean": 0.19031327484264735,
      "pairs_gained_mean": 819.25,
      "score_mean": -0.09746126432927586,
      "n": 4
    },
    "klsh/dblp-acm": {
      "d_pc_mean": 0.014051258992805737,
      "d_pc_spread": 0.0008992805755396738,
      "d_c_rel_mean": 0.0006080820291733725,
      "pairs_gained_mean": 31.25,
      "score_mean": 0.5920994499939932,
      "n": 4
    },
    "lambdafold/cora": {
      "d_pc_mean": 0.034188780260707624,
      "d_pc_spread": 0.02962057728119183,
      "d_c_rel_mean": -0.016354212615791796,
      "pairs_gained_mean": 587.5,
      "score_mean": 1.2561714445583612,
      "n": 4
    },
    "lambdafold/dblp-acm": {
      "d_pc_mean": 0.014388489208633115,
      "d_pc_spread": 0.0008992805755395628,
      "d_c_rel_mean": -0.0018457498763973133,
      "pairs_gained_mean": 32.0,
      "score_mean": 0.21429487061268904,
      "n": 4
    },
    "reclin2/amazon-google": {
      "d_pc_mean": 0.028846153846153827,
      "d_pc_spread": 0.006923076923076921,
      "d_c_rel_mean": 0.0022892292082818096,
      "pairs_gained_mean": 37.5,
      "score_mean": 0.4898131530843436,
      "n": 4
    },
    "reclin2/cora": {
      "d_pc_mean": 0.014184706703910588,
      "d_pc_spread": 0.011638733705772841,
      "d_c_rel_mean": 0.019130504531964385,
      "pairs_gained_me
