[excluded] lambdafold/amazon-google: 29 of 88 Case-3 block pairs (33%) are too large for the context; keeping only the small ones would bias the cell
[excluded] lambdafold/walmart-amazon: 85 of 86 Case-3 block pairs (99%) are too large for the context; keeping only the small ones would bias the cell
[excluded] lambdafold/dblp-scholar: 236 of 440 Case-3 block pairs (54%) are too large for the context; keeping only the small ones would bias the cell
[excluded] simcse/walmart-amazon: PC 0.207 outside [0.45, 0.8]
[excluded] simcse/dblp-scholar: 120 of 259 Case-3 block pairs (46%) are too large for the context; keeping only the small ones would bias the cell
[excluded] reclin2/dblp-acm: only 3 usable Case-3 block pairs (3 Case-3, 0 too large for the context)
[excluded] klsh/amazon-google: PC 0.362 outside [0.45, 0.8]
[excluded] klsh/walmart-amazon: PC 0.377 outside [0.45, 0.8]
[excluded] klsh/abt-buy: PC 0.442 outside [0.45, 0.8]
[excluded] klsh/dblp-scholar: 28 of 28 Case-3 block pairs (100%) are too large for the context; keeping only the small ones would bias the cell
[panel] 40 instances, 8 workers
v0 cora             dPC=+0.0139 d|C|=-12.25% pairs=+239 ops={'move_to_x': 8, 'move_to_y': 17, 'none': 4, 'new_block': 3}
v0 dblp-acm         dPC=+0.0135 d|C|=-0.63% pairs=+30 ops={'move_to_x': 13, 'move_to_y': 16, 'new_block': 3}
v0 cora             dPC=+0.0231 d|C|=-5.39% pairs=+397 ops={'none': 4, 'new_block': 2, 'move_to_y': 16, 'move_to_x': 10}
v0 cora             dPC=+0.0190 d|C|=-13.50% pairs=+327 ops={'new_block': 4, 'move_to_y': 15, 'move_to_x': 11, 'none': 2}
v0 dblp-acm         dPC=+0.0144 d|C|=-1.17% pairs=+32 ops={'move_to_y': 17, 'move_to_x': 15}
v0 cora             dPC=+0.0003 d|C|=-4.99% pairs=+5 ops={'move_to_x': 9, 'move_to_y': 18, 'none': 3, 'new_block': 2}
v0 dblp-acm         dPC=+0.0211 d|C|=-0.07% pairs=+47 ops={'move_to_y': 21, 'move_to_x': 10, 'new_block': 1}
v0 dblp-acm         dPC=+0.0148 d|C|=-0.49% pairs=+33 ops={'move_to_y': 23, 'move_to_x': 9}
v0 dblp-acm         dPC=+0.0031 d|C|=+4.25% pairs=+7 ops={'move_to_y': 15, 'move_to_x': 17}
v0 dblp-acm         dPC=+0.0139 d|C|=+1.80% pairs=+31 ops={'move_to_y': 20, 'move_to_x': 11, 'new_block': 1}
v0 dblp-acm         dPC=+0.0031 d|C|=+1.77% pairs=+7 ops={'move_to_y': 26, 'move_to_x': 6}
v0 dblp-acm         dPC=+0.0027 d|C|=+8.50% pairs=+6 ops={'move_to_y': 21, 'move_to_x': 10, 'new_block': 1}
v0 amazon-google    dPC=+0.0223 d|C|=-0.18% pairs=+29 ops={'new_block': 4, 'move_to_y': 24, 'move_to_x': 4}
v0 amazon-google    dPC=+0.0246 d|C|=-0.24% pairs=+32 ops={'move_to_y': 26, 'new_block': 4, 'move_to_x': 2}
v0 amazon-google    dPC=+0.0169 d|C|=-0.15% pairs=+22 ops={'move_to_x': 8, 'move_to_y': 21, 'new_block': 3}
v0 cora             dPC=+0.1503 d|C|=+27.38% pairs=+2583 ops={'move_to_y': 16, 'new_block': 9, 'move_to_x': 7}
v0 cora             dPC=+0.1098 d|C|=+26.96% pairs=+1886 ops={'move_to_y': 13, 'move_to_x': 8, 'new_block': 10, 'none': 1}
v0 cora             dPC=+0.0495 d|C|=+14.67% pairs=+850 ops={'new_block': 10, 'move_to_y': 12, 'move_to_x': 8, 'none': 2}
v0 cora             dPC=+0.0798 d|C|=+15.61% pairs=+1372 ops={'move_to_x': 7, 'move_to_y': 17, 'new_block': 7, 'none': 1}
v0 amazon-google    dPC=+0.0108 d|C|=-0.56% pairs=+14 ops={'move_to_x': 12, 'new_block': 4, 'move_to_y': 16}
v0 amazon-google    dPC=+0.0115 d|C|=-0.48% pairs=+15 ops={'move_to_y': 15, 'move_to_x': 15, 'new_block': 2}
v0 amazon-google    dPC=+0.0092 d|C|=-0.84% pairs=+12 ops={'move_to_x': 14, 'move_to_y': 18}
Terminated
[excluded] lambdafold/amazon-google: 29 of 88 Case-3 block pairs (33%) are too large for the context; keeping only the small ones would bias the cell
[excluded] lambdafold/walmart-amazon: 85 of 86 Case-3 block pairs (99%) are too large for the context; keeping only the small ones would bias the cell
[excluded] lambdafold/dblp-scholar: 236 of 440 Case-3 block pairs (54%) are too large for the context; keeping only the small ones would bias the cell
[excluded] simcse/walmart-amazon: PC 0.207 outside [0.45, 0.8]
[excluded] simcse/dblp-scholar: 120 of 259 Case-3 block pairs (46%) are too large for the context; keeping only the small ones would bias the cell
[excluded] reclin2/dblp-acm: only 3 usable Case-3 block pairs (3 Case-3, 0 too large for the context)
[excluded] klsh/amazon-google: PC 0.362 outside [0.45, 0.8]
[excluded] klsh/walmart-amazon: PC 0.377 outside [0.45, 0.8]
[excluded] klsh/abt-buy: PC 0.442 outside [0.45, 0.8]
[excluded] klsh/dblp-scholar: 28 of 28 Case-3 block pairs (100%) are too large for the context; keeping only the small ones would bias the cell
[panel] 40 instances, 8 workers
v0 cora             dPC=+0.0272 d|C|=-10.55% pairs=+467 ops={'none': 3, 'move_to_x': 11, 'new_block': 2, 'move_to_y': 16}
v0 cora             dPC=+0.0129 d|C|=-4.38% pairs=+222 ops={'move_to_x': 9, 'move_to_y': 16, 'none': 3, 'new_block': 4}
v0 dblp-acm         dPC=+0.0193 d|C|=+0.93% pairs=+43 ops={'move_to_y': 23, 'move_to_x': 8, 'new_block': 1}
v0 dblp-acm         dPC=+0.0139 d|C|=-0.83% pairs=+31 ops={'move_to_x': 10, 'move_to_y': 21, 'new_block': 1}
v0 dblp-acm         dPC=+0.0148 d|C|=-0.47% pairs=+33 ops={'move_to_y': 21, 'move_to_x': 10, 'new_block': 1}
v0 cora             dPC=+0.0131 d|C|=-16.65% pairs=+225 ops={'move_to_y': 15, 'none': 3, 'move_to_x': 11, 'new_block': 3}
v0 dblp-acm         dPC=+0.0139 d|C|=-1.21% pairs=+31 ops={'move_to_y': 17, 'move_to_x': 15}
v0 cora             dPC=+0.0243 d|C|=-4.13% pairs=+418 ops={'none': 3, 'move_to_y': 17, 'move_to_x': 11, 'new_block': 1}
v0 dblp-acm         dPC=+0.0085 d|C|=+1.95% pairs=+19 ops={'move_to_y': 20, 'move_to_x': 12}
v0 amazon-google    dPC=+0.0192 d|C|=+0.40% pairs=+25 ops={'move_to_x': 5, 'move_to_y': 24, 'new_block': 3}
v0 dblp-acm         dPC=-0.0076 d|C|=-0.94% pairs=-17 ops={'move_to_y': 26, 'move_to_x': 6}
v0 amazon-google    dPC=+0.0231 d|C|=-0.02% pairs=+30 ops={'move_to_y': 25, 'move_to_x': 4, 'new_block': 3}
v0 dblp-acm         dPC=+0.0036 d|C|=+7.17% pairs=+8 ops={'move_to_y': 15, 'move_to_x': 17}
v0 amazon-google    dPC=+0.0238 d|C|=+0.13% pairs=+31 ops={'move_to_y': 23, 'new_block': 5, 'move_to_x': 4}
v0 dblp-acm         dPC=+0.0117 d|C|=+4.99% pairs=+26 ops={'move_to_y': 21, 'move_to_x': 11}
v0 amazon-google    dPC=+0.0185 d|C|=+0.12% pairs=+24 ops={'move_to_y': 26, 'move_to_x': 2, 'new_block': 4}
v0 cora             dPC=+0.1493 d|C|=+29.08% pairs=+2566 ops={'move_to_y': 14, 'new_block': 7, 'move_to_x': 11}
v0 amazon-google    dPC=+0.0115 d|C|=-0.63% pairs=+15 ops={'move_to_y': 18, 'move_to_x': 13, 'new_block': 1}
v0 cora             dPC=+0.0783 d|C|=+11.64% pairs=+1346 ops={'move_to_x': 7, 'move_to_y': 14, 'new_block': 9, 'none': 2}
v0 cora             dPC=+0.0920 d|C|=+21.57% pairs=+1581 ops={'move_to_y': 13, 'new_block': 8, 'move_to_x': 8, 'none': 3}
v0 cora             dPC=+0.0608 d|C|=+12.93% pairs=+1044 ops={'new_block': 8, 'move_to_y': 17, 'move_to_x': 6, 'none': 1}
v0 amazon-google    dPC=+0.0162 d|C|=-0.60% pairs=+21 ops={'move_to_y': 19, 'new_block': 3, 'move_to_x': 10}
v0 amazon-google    dPC=+0.0077 d|C|=-0.77% pairs=+10 ops={'move_to_x': 15, 'move_to_y': 17}
v0 amazon-google    dPC=+0.0115 d|C|=-1.06% pairs=+15 ops={'move_to_y': 20, 'move_to_x': 9, 'new_block': 3}
v0 walmart-amazon   dPC=+0.0329 d|C|=-0.15% pairs=+38 ops={'move_to_x': 15, 'move_to_y': 16, 'new_block': 1}
v0 walmart-amazon   dPC=+0.0321 d|C|=-0.06% pairs=+37 ops={'move_to_y': 15, 'move_to_x': 13, 'new_block': 3}
v0 walmart-amazon   dPC=+0.0277 d|C|=-0.05% pairs=+32 ops={'move_to_x': 14, 'move_to_y': 17, 'new_block': 1}
v0 walmart-amazon   dPC=+0.0295 d|C|=-0.01% pairs=+34 ops={'move_to_y': 16, 'move_to_x': 15, 'new_block': 1}
v0 cora             dPC=+0.0058 d|C|=+1.14% pairs=+99 ops={'none': 5, 'move_to_y': 17, 'move_to_x': 8, 'new_block': 2}
v0 cora             dPC=+0.0077 d|C|=+1.16% pairs=+132 ops={'none': 7, 'move_to_y': 16, 'move_to_x': 8, 'new_block': 1}
v0 cora             dPC=+0.0091 d|C|=+1.26% pairs=+157 ops={'none': 4, 'move_to_y': 18, 'move_to_x': 10}
v0 cora             dPC=+0.0133 d|C|=+1.84% pairs=+228 ops={'move_to_y': 18, 'move_to_x': 11, 'none': 3}
v0 dblp-acm         dPC=+0.0135 d|C|=-0.90% pairs=+30 ops={'move_to_y': 26, 'move_to_x': 6}
v0 dblp-acm         dPC=+0.0058 d|C|=-1.25% pairs=+13 ops={'move_to_y': 24, 'move_to_x': 8}
v0 dblp-acm         dPC=+0.0135 d|C|=-0.23% pairs=+30 ops={'move_to_x': 6, 'move_to_y': 26}
v0 dblp-acm         dPC=+0.0144 d|C|=-0.52% pairs=+32 ops={'move_to_y': 27, 'move_to_x': 5}
v0 cora             dPC=+0.0058 d|C|=+4.31% pairs=+100 ops={'move_to_y': 26, 'new_block': 3, 'move_to_x': 3}
v0 cora             dPC=+0.0624 d|C|=+6.08% pairs=+1073 ops={'none': 1, 'move_to_y': 20, 'new_block': 3, 'move_to_x': 8}
v0 cora             dPC=-0.0001 d|C|=-3.60% pairs=-1 ops={'move_to_y': 20, 'move_to_x': 8, 'new_block': 4}
v0 cora             dPC=+0.0638 d|C|=+19.84% pairs=+1097 ops={'move_to_y': 25, 'move_to_x': 7}
{
  "variants": 1,
  "n_pairs_per_instance": 32,
  "order": "random",
  "per_cell": {
    "klsh/cora": {
      "d_pc_mean": 0.03301035847299813,
      "d_pc_spread": 0.06389664804469275,
      "d_c_rel_mean": 0.06656494373450314,
      "pairs_gained_mean": 567.25,
      "score_mean": 0.24370731824659508,
      "n": 4
    },
    "klsh/dblp-acm": {
      "d_pc_mean": 0.011803057553956803,
      "d_pc_spread": 0.008543165467625902,
      "d_c_rel_mean": -0.00723690438911424,
      "pairs_gained_mean": 26.25,
      "score_mean": 0.5310796268406761,
      "n": 4
    },
    "lambdafold/cora": {
      "d_pc_mean": 0.019378491620111724,
      "d_pc_spread": 0.014257448789571692,
      "d_c_rel_mean": -0.08926996029995589,
      "pairs_gained_mean": 333.0,
      "score_mean": 1.114201407573642,
      "n": 4
    },
    "lambdafold/dblp-acm": {
      "d_pc_mean": 0.015512589928057582,
      "d_pc_spread": 0.005395683453237432,
      "d_c_rel_mean": -0.003946241875384374,
      "pairs_gained_mean": 34.5,
      "score_mean": 0.24225169637904628,
      "n": 4
    },
    "reclin2/amazon-google": {
      "d_pc_mean": 0.011730769230769197,
      "d_pc_spread": 0.008461538461538465,
      "d_c_rel_mean": -0.0076730397285899995,
      "pairs_gained_mean": 15.25,
      "score_mean": 0.24396615409019173,
      "n": 4
    },
    "reclin2/cora": {
      "d_pc_mean": 0.008961824953445052,
      "d_pc_spread": 0.007506983240223475,
      "d_c_rel_mean": 0.01347557551937114,
      "pairs_gained_mean":
