[excluded] lambdafold/amazon-google: 29 of 88 Case-3 block pairs (33%) are too large for the context; keeping only the small ones would bias the cell
[excluded] lambdafold/walmart-amazon: 85 of 86 Case-3 block pairs (99%) are too large for the context; keeping only the small ones would bias the cell
[excluded] lambdafold/dblp-scholar: 236 of 440 Case-3 block pairs (54%) are too large for the context; keeping only the small ones would bias the cell
[excluded] simcse/walmart-amazon: PC 0.207 outside [0.45, 0.8]
[excluded] simcse/dblp-scholar: 120 of 259 Case-3 block pairs (46%) are too large for the context; keeping only the small ones would bias the cell
[excluded] reclin2/dblp-acm: only 3 usable Case-3 block pairs (3 Case-3, 0 too large for the context)
[excluded] klsh/amazon-google: PC 0.362 outside [0.45, 0.8]
[excluded] klsh/walmart-amazon: PC 0.377 outside [0.45, 0.8]
[excluded] klsh/abt-buy: PC 0.442 outside [0.45, 0.8]
[excluded] klsh/dblp-scholar: 28 of 28 Case-3 block pairs (100%) are too large for the context; keeping only the small ones would bias the cell
[panel] 40 instances, 8 workers
v0 cora             dPC=+0.0201 d|C|=-8.00% pairs=+346 ops={'move_to_x': 29, 'move_to_y': 3}
v0 cora             dPC=+0.0023 d|C|=-3.93% pairs=+39 ops={'move_to_x': 25, 'move_to_y': 7}
v0 cora             dPC=+0.0098 d|C|=-4.53% pairs=+168 ops={'move_to_x': 30, 'move_to_y': 2}
v0 cora             dPC=+0.0049 d|C|=-7.08% pairs=+84 ops={'move_to_y': 7, 'move_to_x': 25}
v0 dblp-acm         dPC=+0.0112 d|C|=+0.33% pairs=+25 ops={'move_to_y': 15, 'move_to_x': 17}
v0 dblp-acm         dPC=+0.0112 d|C|=+0.28% pairs=+25 ops={'move_to_y': 19, 'move_to_x': 14}
v0 dblp-acm         dPC=+0.0103 d|C|=+0.30% pairs=+23 ops={'move_to_y': 18, 'move_to_x': 14}
v0 dblp-acm         dPC=+0.0103 d|C|=+0.22% pairs=+23 ops={'move_to_y': 14, 'move_to_x': 18}
v0 amazon-google    dPC=+0.0062 d|C|=+0.17% pairs=+8 ops={'move_to_x': 27, 'move_to_y': 5}
v0 amazon-google    dPC=+0.0031 d|C|=+0.05% pairs=+4 ops={'move_to_x': 26, 'move_to_y': 6}
v0 amazon-google    dPC=+0.0023 d|C|=+0.02% pairs=+3 ops={'move_to_x': 27, 'move_to_y': 5}
v0 amazon-google    dPC=+0.0108 d|C|=+0.19% pairs=+14 ops={'move_to_x': 31, 'move_to_y': 1}
v0 dblp-acm         dPC=+0.0135 d|C|=+0.12% pairs=+30 ops={'move_to_x': 27, 'move_to_y': 5}
v0 dblp-acm         dPC=+0.0126 d|C|=-0.20% pairs=+28 ops={'move_to_x': 26, 'move_to_y': 6}
v0 dblp-acm         dPC=+0.0063 d|C|=-0.12% pairs=+14 ops={'move_to_x': 26, 'move_to_y': 7}
v0 dblp-acm         dPC=+0.0117 d|C|=-0.28% pairs=+26 ops={'move_to_x': 29, 'move_to_y': 4}
v0 cora             dPC=+0.1107 d|C|=+26.71% pairs=+1902 ops={'move_to_x': 31, 'move_to_y': 1}
v0 cora             dPC=+0.0745 d|C|=+19.39% pairs=+1281 ops={'move_to_x': 32}
v0 cora             dPC=+0.0782 d|C|=+22.50% pairs=+1344 ops={'move_to_x': 29, 'move_to_y': 3}
v0 cora             dPC=+0.0855 d|C|=+23.48% pairs=+1470 ops={'move_to_x': 31, 'move_to_y': 1}
v0 amazon-google    dPC=-0.0538 d|C|=-3.83% pairs=-70 ops={'move_to_x': 12, 'move_to_y': 20}
v0 amazon-google    dPC=-0.0569 d|C|=-4.56% pairs=-74 ops={'move_to_x': 8, 'move_to_y': 24}
v0 amazon-google    dPC=+0.0046 d|C|=-2.70% pairs=+6 ops={'move_to_y': 24, 'move_to_x': 8}
v0 amazon-google    dPC=-0.0623 d|C|=+1.16% pairs=-81 ops={'move_to_y': 28, 'move_to_x': 4}
v0 walmart-amazon   dPC=+0.0165 d|C|=+0.23% pairs=+19 ops={'move_to_x': 14, 'move_to_y': 18}
v0 walmart-amazon   dPC=+0.0121 d|C|=+0.02% pairs=+14 ops={'move_to_x': 20, 'move_to_y': 12}
v0 cora             dPC=-0.0218 d|C|=-3.01% pairs=-375 ops={'move_to_x': 29, 'move_to_y': 3}
v0 cora             dPC=+0.0064 d|C|=+0.88% pairs=+110 ops={'move_to_x': 26, 'move_to_y': 6}
v0 cora             dPC=-0.0062 d|C|=-0.85% pairs=-106 ops={'move_to_x': 27, 'move_to_y': 5}
v0 walmart-amazon   dPC=+0.0173 d|C|=-0.01% pairs=+20 ops={'move_to_x': 23, 'move_to_y': 8, 'new_block': 1}
v0 walmart-amazon   dPC=+0.0139 d|C|=+0.06% pairs=+16 ops={'move_to_x': 19, 'move_to_y': 14}
v0 cora             dPC=+0.0068 d|C|=+0.32% pairs=+117 ops={'move_to_x': 30, 'move_to_y': 2}
v0 dblp-acm         dPC=+0.0126 d|C|=+0.02% pairs=+28 ops={'move_to_y': 3, 'move_to_x': 29}
v0 dblp-acm         dPC=+0.0117 d|C|=-0.04% pairs=+26 ops={'move_to_x': 24, 'move_to_y': 8}
v0 dblp-acm         dPC=+0.0126 d|C|=-0.10% pairs=+28 ops={'move_to_x': 27, 'move_to_y': 5}
v0 cora             dPC=-0.0062 d|C|=+1.58% pairs=-107 ops={'move_to_x': 27, 'move_to_y': 5}
v0 cora             dPC=+0.0012 d|C|=+2.46% pairs=+21 ops={'move_to_x': 24, 'move_to_y': 8}
v0 cora             dPC=+0.0291 d|C|=+12.90% pairs=+500 ops={'move_to_x': 26, 'move_to_y': 6}
v0 cora             dPC=-0.0035 d|C|=+4.06% pairs=-61 ops={'move_to_x': 25, 'move_to_y': 7}
v0 dblp-acm         dPC=+0.0094 d|C|=-0.12% pairs=+21 ops={'move_to_x': 27, 'move_to_y': 5, 'new_block': 1}
{
  "variants": 1,
  "n_pairs_per_instance": 32,
  "order": "random",
  "per_cell": {
    "klsh/cora": {
      "d_pc_mean": 0.005135591247672239,
      "d_pc_spread": 0.03532355679702048,
      "d_c_rel_mean": 0.05251049017737936,
      "pairs_gained_mean": 88.25,
      "score_mean": -0.20872716119393467,
      "n": 4
    },
    "klsh/dblp-acm": {
      "d_pc_mean": 0.011578237410071884,
      "d_pc_spread": 0.003147482014388414,
      "d_c_rel_mean": -0.0006026202145400787,
      "pairs_gained_mean": 25.75,
      "score_mean": 0.5001459682055676,
      "n": 4
    },
    "lambdafold/cora": {
      "d_pc_mean": 0.009267341713221577,
      "d_pc_spread": 0.017865456238361277,
      "d_c_rel_mean": -0.05885531539479488,
      "pairs_gained_mean": 159.25,
      "score_mean": 0.6539284584859597,
      "n": 4
    },
    "lambdafold/dblp-acm": {
      "d_pc_mean": 0.010791366906474809,
      "d_pc_spread": 0.0008992805755395628,
      "d_c_rel_mean": 0.0027991486488116056,
      "pairs_gained_mean": 24.0,
      "score_mean": 0.14123712085528042,
      "n": 4
    },
    "reclin2/amazon-google": {
      "d_pc_mean": -0.04211538461538465,
      "d_pc_spread": 0.06692307692307692,
      "d_c_rel_mean": -0.024816893370113193,
      "pairs_gained_mean": -54.75,
      "score_mean": -0.6035118355735771,
      "n": 4
    },
    "reclin2/cora": {
      "d_pc_mean": -0.003695297951582882,
      "d_pc_spread": 0.02863128491620115,
      "d_c_rel_mean": -0.006637523060880725,
      "pairs_gained
