[excluded] lambdafold/amazon-google: 29 of 88 Case-3 block pairs (33%) are too large for the context; keeping only the small ones would bias the cell
[excluded] lambdafold/walmart-amazon: 85 of 86 Case-3 block pairs (99%) are too large for the context; keeping only the small ones would bias the cell
[excluded] lambdafold/dblp-scholar: 236 of 440 Case-3 block pairs (54%) are too large for the context; keeping only the small ones would bias the cell
[excluded] simcse/walmart-amazon: PC 0.207 outside [0.45, 0.8]
[excluded] simcse/dblp-scholar: 120 of 259 Case-3 block pairs (46%) are too large for the context; keeping only the small ones would bias the cell
[excluded] reclin2/dblp-acm: only 3 usable Case-3 block pairs (3 Case-3, 0 too large for the context)
[excluded] klsh/amazon-google: PC 0.362 outside [0.45, 0.8]
[excluded] klsh/walmart-amazon: PC 0.377 outside [0.45, 0.8]
[excluded] klsh/abt-buy: PC 0.442 outside [0.45, 0.8]
[excluded] klsh/dblp-scholar: 28 of 28 Case-3 block pairs (100%) are too large for the context; keeping only the small ones would bias the cell
[panel] 40 instances, 8 workers
v0 cora             dPC=+0.0245 d|C|=-1.09% pairs=+421 ops={'move_to_x': 24, 'move_to_y': 8}
v0 cora             dPC=+0.0274 d|C|=-9.72% pairs=+471 ops={'move_to_x': 25, 'move_to_y': 6}
v0 cora             dPC=+0.0246 d|C|=-8.36% pairs=+422 ops={'none': 1, 'move_to_x': 23, 'move_to_y': 8}
v0 cora             dPC=+0.0244 d|C|=+0.86% pairs=+420 ops={'move_to_x': 24, 'move_to_y': 8}
v0 dblp-acm         dPC=+0.0139 d|C|=-0.52% pairs=+31 ops={'move_to_x': 24, 'move_to_y': 8}
v0 dblp-acm         dPC=+0.0144 d|C|=-0.77% pairs=+32 ops={'move_to_x': 25, 'move_to_y': 7}
v0 dblp-acm         dPC=+0.0130 d|C|=-0.82% pairs=+29 ops={'move_to_y': 6, 'move_to_x': 26}
v0 dblp-acm         dPC=+0.0148 d|C|=-0.64% pairs=+33 ops={'move_to_x': 26, 'move_to_y': 6}
v0 amazon-google    dPC=+0.0315 d|C|=-0.17% pairs=+41 ops={'move_to_y': 17, 'move_to_x': 15}
v0 amazon-google    dPC=+0.0200 d|C|=+0.24% pairs=+26 ops={'move_to_y': 17, 'move_to_x': 15}
v0 amazon-google    dPC=+0.0315 d|C|=+0.07% pairs=+41 ops={'move_to_x': 19, 'move_to_y': 13}
v0 amazon-google    dPC=+0.0262 d|C|=+0.13% pairs=+34 ops={'move_to_x': 14, 'move_to_y': 18}
v0 dblp-acm         dPC=+0.0135 d|C|=-0.26% pairs=+30 ops={'move_to_x': 30, 'move_to_y': 2}
v0 dblp-acm         dPC=+0.0139 d|C|=-0.06% pairs=+31 ops={'move_to_x': 29, 'move_to_y': 3}
v0 dblp-acm         dPC=+0.0139 d|C|=-0.21% pairs=+31 ops={'move_to_x': 29, 'move_to_y': 3}
v0 dblp-acm         dPC=+0.0139 d|C|=-0.18% pairs=+31 ops={'move_to_x': 29, 'move_to_y': 3}
v0 cora             dPC=+0.1226 d|C|=+29.86% pairs=+2107 ops={'move_to_x': 21, 'move_to_y': 11}
v0 cora             dPC=+0.0763 d|C|=+16.12% pairs=+1311 ops={'move_to_x': 20, 'move_to_y': 11, 'none': 1}
v0 cora             dPC=+0.0910 d|C|=+15.09% pairs=+1563 ops={'move_to_x': 22, 'move_to_y': 10}
v0 cora             dPC=+0.0903 d|C|=+14.51% pairs=+1552 ops={'move_to_x': 20, 'move_to_y': 12}
v0 amazon-google    dPC=+0.0215 d|C|=-0.91% pairs=+28 ops={'move_to_x': 25, 'move_to_y': 7}
v0 amazon-google    dPC=+0.0223 d|C|=-0.64% pairs=+29 ops={'move_to_x': 21, 'move_to_y': 11}
v0 amazon-google    dPC=+0.0208 d|C|=-1.15% pairs=+27 ops={'move_to_y': 13, 'move_to_x': 19}
v0 amazon-google    dPC=+0.0315 d|C|=-0.53% pairs=+41 ops={'move_to_x': 22, 'move_to_y': 10}
v0 walmart-amazon   dPC=+0.0338 d|C|=-0.07% pairs=+39 ops={'move_to_x': 24, 'move_to_y': 8}
v0 walmart-amazon   dPC=+0.0338 d|C|=-0.13% pairs=+39 ops={'move_to_x': 24, 'move_to_y': 8}
v0 walmart-amazon   dPC=+0.0338 d|C|=-0.11% pairs=+39 ops={'move_to_x': 25, 'move_to_y': 7}
v0 walmart-amazon   dPC=+0.0312 d|C|=-0.15% pairs=+36 ops={'move_to_y': 9, 'move_to_x': 23}
v0 cora             dPC=+0.0100 d|C|=+1.37% pairs=+171 ops={'move_to_x': 26, 'move_to_y': 5, 'none': 1}
v0 cora             dPC=+0.0119 d|C|=+1.73% pairs=+204 ops={'move_to_x': 24, 'move_to_y': 7, 'none': 1}
v0 cora             dPC=+0.0138 d|C|=+1.93% pairs=+237 ops={'move_to_x': 23, 'new_block': 1, 'move_to_y': 8}
v0 cora             dPC=+0.0162 d|C|=+2.24% pairs=+278 ops={'move_to_x': 25, 'move_to_y': 6, 'new_block': 1}
v0 cora             dPC=+0.0607 d|C|=+3.70% pairs=+1043 ops={'move_to_x': 18, 'move_to_y': 13}
v0 cora             dPC=+0.0257 d|C|=+0.25% pairs=+442 ops={'move_to_y': 10, 'move_to_x': 21}
v0 dblp-acm         dPC=+0.0135 d|C|=-0.40% pairs=+30 ops={'move_to_x': 27, 'move_to_y': 5}
v0 dblp-acm         dPC=+0.0139 d|C|=-0.07% pairs=+31 ops={'move_to_x': 25, 'move_to_y': 7}
v0 dblp-acm         dPC=+0.0144 d|C|=-0.28% pairs=+32 ops={'move_to_x': 22, 'move_to_y': 10}
v0 dblp-acm         dPC=+0.0130 d|C|=+0.10% pairs=+29 ops={'move_to_x': 27, 'move_to_y': 5}
v0 cora             dPC=+0.0315 d|C|=+1.04% pairs=+541 ops={'move_to_y': 19, 'move_to_x': 13}
v0 cora             dPC=+0.0743 d|C|=+0.63% pairs=+1277 ops={'move_to_x': 20, 'move_to_y': 12}
{
  "variants": 1,
  "n_pairs_per_instance": 32,
  "order": "random",
  "per_cell": {
    "klsh/cora": {
      "d_pc_mean": 0.048053421787709466,
      "d_pc_spread": 0.048591713221601496,
      "d_c_rel_mean": 0.014090215525462522,
      "pairs_gained_mean": 825.75,
      "score_mean": 0.8382850557787085,
      "n": 4
    },
    "klsh/dblp-acm": {
      "d_pc_mean": 0.013714028776978388,
      "d_pc_spread": 0.0013489208633093996,
      "d_c_rel_mean": -0.0016321722729159536,
      "pairs_gained_mean": 30.5,
      "score_mean": 0.5906084138121321,
      "n": 4
    },
    "lambdafold/cora": {
      "d_pc_mean": 0.025226955307262544,
      "d_pc_spread": 0.002967877094972038,
      "d_c_rel_mean": -0.0457763564181738,
      "pairs_gained_mean": 433.5,
      "score_mean": 1.1342395702130381,
      "n": 4
    },
    "lambdafold/dblp-acm": {
      "d_pc_mean": 0.014051258992805779,
      "d_pc_spread": 0.0017985611510791255,
      "d_c_rel_mean": -0.0068727615854908535,
      "pairs_gained_mean": 31.25,
      "score_mean": 0.23314332545726468,
      "n": 4
    },
    "reclin2/amazon-google": {
      "d_pc_mean": 0.024038461538461522,
      "d_pc_spread": 0.010769230769230753,
      "d_c_rel_mean": -0.008077301119249184,
      "pairs_gained_mean": 31.25,
      "score_mean": 0.4456382536295975,
      "n": 4
    },
    "reclin2/cora": {
      "d_pc_mean": 0.012948091247672211,
      "d_pc_spread": 0.006226722532588491,
      "d_c_rel_mean": 0.018167963423437874,
      "pairs_gained_
