[excluded] lambdafold/amazon-google: 29 of 88 Case-3 block pairs (33%) are too large for the context; keeping only the small ones would bias the cell
[excluded] lambdafold/walmart-amazon: 85 of 86 Case-3 block pairs (99%) are too large for the context; keeping only the small ones would bias the cell
[excluded] lambdafold/dblp-scholar: 236 of 440 Case-3 block pairs (54%) are too large for the context; keeping only the small ones would bias the cell
[excluded] simcse/walmart-amazon: PC 0.207 outside [0.45, 0.8]
[excluded] simcse/dblp-scholar: 120 of 259 Case-3 block pairs (46%) are too large for the context; keeping only the small ones would bias the cell
[excluded] reclin2/dblp-acm: only 3 usable Case-3 block pairs (3 Case-3, 0 too large for the context)
[excluded] klsh/amazon-google: PC 0.362 outside [0.45, 0.8]
[excluded] klsh/walmart-amazon: PC 0.377 outside [0.45, 0.8]
[excluded] klsh/abt-buy: PC 0.442 outside [0.45, 0.8]
[excluded] klsh/dblp-scholar: 28 of 28 Case-3 block pairs (100%) are too large for the context; keeping only the small ones would bias the cell
[panel] 40 instances, 8 workers
v0 cora             dPC=+0.0239 d|C|=-0.64% pairs=+410 ops={'move_to_x': 29, 'none': 2, 'move_to_y': 1}
v0 cora             dPC=+0.0507 d|C|=+0.49% pairs=+871 ops={'move_to_x': 29, 'none': 1, 'move_to_y': 1}
v0 cora             dPC=+0.0228 d|C|=+1.22% pairs=+391 ops={'move_to_x': 28, 'none': 3, 'move_to_y': 1}
v0 cora             dPC=+0.0187 d|C|=-2.98% pairs=+321 ops={'none': 3, 'move_to_x': 28, 'move_to_y': 1}
v0 dblp-acm         dPC=-0.0130 d|C|=-13.68% pairs=-29 ops={'move_to_x': 32}
v0 dblp-acm         dPC=+0.0144 d|C|=-1.18% pairs=+32 ops={'move_to_x': 32}
v0 dblp-acm         dPC=+0.0000 d|C|=-2.75% pairs=+0 ops={'move_to_x': 32}
v0 dblp-acm         dPC=+0.0126 d|C|=-2.19% pairs=+28 ops={'move_to_x': 32}
v0 amazon-google    dPC=+0.0377 d|C|=+1.55% pairs=+49 ops={'move_to_x': 31, 'move_to_y': 1}
v0 amazon-google    dPC=+0.0369 d|C|=+0.92% pairs=+48 ops={'move_to_y': 5, 'move_to_x': 27}
v0 amazon-google    dPC=+0.0423 d|C|=+0.97% pairs=+55 ops={'move_to_x': 32}
v0 amazon-google    dPC=+0.0438 d|C|=+0.63% pairs=+57 ops={'move_to_x': 29, 'move_to_y': 3}
v0 dblp-acm         dPC=-0.0468 d|C|=+24.15% pairs=-104 ops={'move_to_x': 29, 'move_to_y': 2}
v0 dblp-acm         dPC=-0.0369 d|C|=+12.56% pairs=-82 ops={'move_to_x': 32}
v0 dblp-acm         dPC=-0.0445 d|C|=+16.80% pairs=-99 ops={'move_to_x': 32}
v0 dblp-acm         dPC=-0.0638 d|C|=+23.25% pairs=-142 ops={'move_to_x': 32}
v0 cora             dPC=+0.1307 d|C|=+26.77% pairs=+2246 ops={'move_to_x': 28, 'none': 2, 'move_to_y': 2}
v0 cora             dPC=+0.0374 d|C|=+10.04% pairs=+642 ops={'move_to_x': 29, 'none': 2, 'move_to_y': 1}
v0 cora             dPC=+0.0633 d|C|=+15.88% pairs=+1088 ops={'move_to_x': 26, 'move_to_y': 2, 'none': 3}
v0 cora             dPC=+0.0615 d|C|=+12.60% pairs=+1056 ops={'move_to_x': 25, 'move_to_y': 5, 'none': 2}
v0 amazon-google    dPC=+0.0369 d|C|=+0.36% pairs=+48 ops={'move_to_x': 30, 'move_to_y': 2}
v0 amazon-google    dPC=+0.0462 d|C|=+0.92% pairs=+60 ops={'move_to_x': 30, 'move_to_y': 2}
v0 amazon-google    dPC=+0.0331 d|C|=+0.36% pairs=+43 ops={'move_to_x': 32}
v0 amazon-google    dPC=+0.0423 d|C|=-0.99% pairs=+55 ops={'move_to_x': 27, 'move_to_y': 5}
v0 walmart-amazon   dPC=+0.0355 d|C|=+0.04% pairs=+41 ops={'move_to_x': 28, 'move_to_y': 4}
v0 walmart-amazon   dPC=+0.0321 d|C|=-0.04% pairs=+37 ops={'move_to_x': 29, 'move_to_y': 3}
v0 walmart-amazon   dPC=+0.0312 d|C|=-0.03% pairs=+36 ops={'move_to_x': 28, 'move_to_y': 4}
v0 walmart-amazon   dPC=+0.0312 d|C|=-0.04% pairs=+36 ops={'move_to_x': 29, 'move_to_y': 3}
v0 cora             dPC=+0.0069 d|C|=+0.95% pairs=+119 ops={'none': 5, 'move_to_x': 26, 'move_to_y': 1}
v0 cora             dPC=+0.0008 d|C|=-1.43% pairs=+14 ops={'none': 5, 'move_to_x': 24, 'move_to_y': 2, 'new_block': 1}
v0 cora             dPC=+0.0115 d|C|=+1.61% pairs=+198 ops={'none': 3, 'move_to_x': 29}
v0 cora             dPC=+0.0139 d|C|=+2.00% pairs=+238 ops={'move_to_x': 28, 'move_to_y': 1, 'none': 3}
v0 dblp-acm         dPC=-0.0049 d|C|=+1.78% pairs=-11 ops={'move_to_x': 31, 'move_to_y': 1}
v0 dblp-acm         dPC=-0.0081 d|C|=+2.93% pairs=-18 ops={'move_to_x': 32}
v0 dblp-acm         dPC=-0.0040 d|C|=+0.11% pairs=-9 ops={'move_to_x': 31, 'move_to_y': 1}
v0 dblp-acm         dPC=-0.0018 d|C|=+1.89% pairs=-4 ops={'move_to_x': 32}
v0 cora             dPC=+0.0119 d|C|=+10.86% pairs=+204 ops={'move_to_x': 31, 'move_to_y': 1}
v0 cora             dPC=+0.0760 d|C|=+8.04% pairs=+1306 ops={'move_to_x': 30, 'move_to_y': 2}
v0 cora             dPC=+0.0157 d|C|=+8.83% pairs=+269 ops={'move_to_x': 31, 'none': 1}
v0 cora             dPC=+0.0763 d|C|=+17.26% pairs=+1311 ops={'move_to_x': 30, 'move_to_y': 2}
{
  "variants": 1,
  "n_pairs_per_instance": 32,
  "order": "random",
  "per_cell": {
    "klsh/cora": {
      "d_pc_mean": 0.04495460893854747,
      "d_pc_spread": 0.06442039106145248,
      "d_c_rel_mean": 0.112471390425329,
      "pairs_gained_mean": 772.5,
      "score_mean": 0.24327133722607522,
      "n": 4
    },
    "klsh/dblp-acm": {
      "d_pc_mean": -0.00472122302158276,
      "d_pc_spread": 0.00629496402877705,
      "d_c_rel_mean": 0.016765040016895213,
      "pairs_gained_mean": -10.5,
      "score_mean": -0.29261890637818233,
      "n": 4
    },
    "lambdafold/cora": {
      "d_pc_mean": 0.028994995344506502,
      "d_pc_spread": 0.0320065176908752,
      "d_c_rel_mean": -0.004808116453462726,
      "pairs_gained_mean": 498.25,
      "score_mean": 1.015283724640518,
      "n": 4
    },
    "lambdafold/dblp-acm": {
      "d_pc_mean": 0.0034847122302158473,
      "d_pc_spread": 0.02742805755395683,
      "d_c_rel_mean": -0.049487048850193546,
      "pairs_gained_mean": 7.75,
      "score_mean": 0.28402456607402043,
      "n": 4
    },
    "reclin2/amazon-google": {
      "d_pc_mean": 0.03961538461538461,
      "d_pc_spread": 0.013076923076923097,
      "d_c_rel_mean": 0.0016439963220140142,
      "pairs_gained_mean": 51.5,
      "score_mean": 0.6791534541032574,
      "n": 4
    },
    "reclin2/cora": {
      "d_pc_mean": 0.00827804934823087,
      "d_pc_spread": 0.013035381750465591,
      "d_c_rel_mean": 0.007840699446538863,
      "pairs_gained_mean": 142.2
