[excluded] lambdafold/amazon-google: 29 of 88 Case-3 block pairs (33%) are too large for the context; keeping only the small ones would bias the cell
[excluded] lambdafold/walmart-amazon: 85 of 86 Case-3 block pairs (99%) are too large for the context; keeping only the small ones would bias the cell
[excluded] lambdafold/dblp-scholar: 236 of 440 Case-3 block pairs (54%) are too large for the context; keeping only the small ones would bias the cell
[excluded] simcse/walmart-amazon: PC 0.207 outside [0.45, 0.8]
[excluded] simcse/dblp-scholar: 120 of 259 Case-3 block pairs (46%) are too large for the context; keeping only the small ones would bias the cell
[excluded] reclin2/dblp-acm: only 3 usable Case-3 block pairs (3 Case-3, 0 too large for the context)
[excluded] klsh/amazon-google: PC 0.362 outside [0.45, 0.8]
[excluded] klsh/walmart-amazon: PC 0.377 outside [0.45, 0.8]
[excluded] klsh/abt-buy: PC 0.442 outside [0.45, 0.8]
[excluded] klsh/dblp-scholar: 28 of 28 Case-3 block pairs (100%) are too large for the context; keeping only the small ones would bias the cell
[panel] 40 instances, 24 workers
v0 cora             dPC=+0.1188 d|C|=+21.67% pairs=+2042 ops={'move_to_y': 20, 'none': 3, 'move_to_x': 8}
v0 cora             dPC=+0.0811 d|C|=+17.69% pairs=+1393 ops={'move_to_y': 16, 'move_to_x': 10, 'none': 5}
v0 amazon-google    dPC=+0.0262 d|C|=-1.68% pairs=+34 ops={'move_to_x': 15, 'move_to_y': 17}
v0 amazon-google    dPC=+0.0246 d|C|=-2.37% pairs=+32 ops={'move_to_y': 15, 'move_to_x': 17}
v0 cora             dPC=+0.0079 d|C|=-17.70% pairs=+136 ops={'move_to_x': 11, 'move_to_y': 16, 'new_block': 3, 'none': 2}
v0 cora             dPC=+0.0917 d|C|=+15.77% pairs=+1576 ops={'move_to_x': 6, 'move_to_y': 19, 'none': 7}
v0 cora             dPC=+0.0915 d|C|=+19.71% pairs=+1573 ops={'move_to_x': 10, 'move_to_y': 13, 'none': 8}
v0 dblp-acm         dPC=+0.0139 d|C|=-1.34% pairs=+31 ops={'move_to_y': 14, 'move_to_x': 18}
v0 amazon-google    dPC=+0.0385 d|C|=-2.41% pairs=+50 ops={'move_to_x': 10, 'move_to_y': 22}
v0 dblp-acm         dPC=+0.0144 d|C|=-1.28% pairs=+32 ops={'move_to_y': 19, 'move_to_x': 13}
v0 amazon-google    dPC=+0.0323 d|C|=-2.21% pairs=+42 ops={'move_to_y': 14, 'move_to_x': 18}
v0 dblp-acm         dPC=+0.0139 d|C|=-1.07% pairs=+31 ops={'move_to_x': 16, 'move_to_y': 16}
v0 dblp-acm         dPC=+0.0148 d|C|=-1.38% pairs=+33 ops={'move_to_y': 14, 'move_to_x': 18}
v0 cora             dPC=+0.0243 d|C|=-8.02% pairs=+417 ops={'none': 4, 'move_to_y': 15, 'move_to_x': 13}
v0 amazon-google    dPC=+0.0385 d|C|=-0.13% pairs=+50 ops={'move_to_x': 11, 'move_to_y': 21}
v0 dblp-acm         dPC=+0.0144 d|C|=-0.65% pairs=+32 ops={'move_to_y': 21, 'move_to_x': 11}
v0 dblp-acm         dPC=+0.0144 d|C|=-0.78% pairs=+32 ops={'move_to_y': 18, 'move_to_x': 14}
v0 amazon-google    dPC=+0.0269 d|C|=-0.38% pairs=+35 ops={'move_to_y': 21, 'move_to_x': 9, 'new_block': 1}
v0 cora             dPC=+0.0130 d|C|=-6.51% pairs=+223 ops={'none': 5, 'move_to_y': 17, 'move_to_x': 10}
v0 cora             dPC=+0.0105 d|C|=-7.80% pairs=+181 ops={'move_to_x': 12, 'move_to_y': 18, 'none': 1}
v0 amazon-google    dPC=+0.0331 d|C|=-0.19% pairs=+43 ops={'move_to_y': 24, 'move_to_x': 8}
v0 amazon-google    dPC=+0.0308 d|C|=-0.37% pairs=+40 ops={'move_to_y': 20, 'move_to_x': 11, 'new_block': 1}
v0 dblp-acm         dPC=+0.0144 d|C|=-0.49% pairs=+32 ops={'move_to_y': 22, 'move_to_x': 10}
v0 dblp-acm         dPC=+0.0171 d|C|=-0.03% pairs=+38 ops={'move_to_y': 22, 'move_to_x': 10}
v0 walmart-amazon   dPC=+0.0338 d|C|=-0.15% pairs=+39 ops={'move_to_x': 20, 'move_to_y': 12}
v0 cora             dPC=+0.0725 d|C|=+1.70% pairs=+1245 ops={'move_to_y': 18, 'move_to_x': 11, 'none': 1}
v0 walmart-amazon   dPC=+0.0338 d|C|=-0.21% pairs=+39 ops={'move_to_x': 20, 'move_to_y': 11, 'new_block': 1}
v0 walmart-amazon   dPC=+0.0321 d|C|=-0.17% pairs=+37 ops={'move_to_y': 13, 'move_to_x': 18, 'new_block': 1}
v0 walmart-amazon   dPC=+0.0321 d|C|=-0.22% pairs=+37 ops={'move_to_y': 12, 'move_to_x': 20}
v0 cora             dPC=+0.0084 d|C|=+1.34% pairs=+145 ops={'none': 5, 'move_to_y': 16, 'move_to_x': 10, 'new_block': 1}
v0 cora             dPC=+0.0008 d|C|=-1.44% pairs=+13 ops={'new_block': 2, 'move_to_x': 13, 'none': 4, 'move_to_y': 13}
v0 cora             dPC=+0.0100 d|C|=+1.40% pairs=+171 ops={'none': 2, 'move_to_y': 11, 'move_to_x': 16, 'new_block': 2}
v0 cora             dPC=-0.0039 d|C|=-3.35% pairs=-67 ops={'move_to_x': 12, 'move_to_y': 16, 'new_block': 2, 'none': 2}
v0 dblp-acm         dPC=+0.0139 d|C|=-0.82% pairs=+31 ops={'move_to_y': 21, 'move_to_x': 11}
v0 dblp-acm         dPC=+0.0144 d|C|=-0.60% pairs=+32 ops={'move_to_x': 14, 'move_to_y': 18}
v0 dblp-acm         dPC=+0.0144 d|C|=-0.40% pairs=+32 ops={'move_to_x': 11, 'move_to_y': 21}
v0 dblp-acm         dPC=+0.0139 d|C|=-0.41% pairs=+31 ops={'move_to_y': 23, 'move_to_x': 9}
v0 cora             dPC=+0.0306 d|C|=+1.66% pairs=+525 ops={'move_to_y': 21, 'move_to_x': 11}
v0 cora             dPC=+0.0169 d|C|=-1.92% pairs=+290 ops={'move_to_y': 13, 'move_to_x': 14, 'none': 4}
v0 cora             dPC=+0.0851 d|C|=+0.19% pairs=+1463 ops={'move_to_x': 13, 'move_to_y': 19}
{
  "variants": 1,
  "n_pairs_per_instance": 32,
  "order": "random",
  "per_cell": {
    "klsh/cora": {
      "d_pc_mean": 0.05125407355679701,
      "d_pc_spread": 0.06826117318435754,
      "d_c_rel_mean": 0.004076864390616058,
      "pairs_gained_mean": 880.75,
      "score_mean": 0.9370423537661157,
      "n": 4
    },
    "klsh/dblp-acm": {
      "d_pc_mean": 0.014163669064748197,
      "d_pc_spread": 0.0004496402877698369,
      "d_c_rel_mean": -0.005573781833276288,
      "pairs_gained_mean": 31.5,
      "score_mean": 0.6286905874880597,
      "n": 4
    },
    "lambdafold/cora": {
      "d_pc_mean": 0.013922835195530711,
      "d_pc_spread": 0.016352420856610816,
      "d_c_rel_mean": -0.10008822232024703,
      "pairs_gained_mean": 239.25,
      "score_mean": 0.9907838267665791,
      "n": 4
    },
    "lambdafold/dblp-acm": {
      "d_pc_mean": 0.01427607913669067,
      "d_pc_spread": 0.0008992805755395628,
      "d_c_rel_mean": -0.012645911464299926,
      "pairs_gained_mean": 31.75,
      "score_mean": 0.2662464982243332,
      "n": 4
    },
    "reclin2/amazon-google": {
      "d_pc_mean": 0.030384615384615385,
      "d_pc_spread": 0.013846153846153897,
      "d_c_rel_mean": -0.02167633723326675,
      "pairs_gained_mean": 39.5,
      "score_mean": 0.6194947669424741,
      "n": 4
    },
    "reclin2/cora": {
      "d_pc_mean": 0.003811685288640565,
      "d_pc_spread": 0.013850093109869621,
      "d_c_rel_mean": -0.005133552578808053,
      "pairs_gained_mean"
