[excluded] lambdafold/amazon-google: 29 of 88 Case-3 block pairs (33%) are too large for the context; keeping only the small ones would bias the cell
[excluded] lambdafold/walmart-amazon: 85 of 86 Case-3 block pairs (99%) are too large for the context; keeping only the small ones would bias the cell
[excluded] lambdafold/dblp-scholar: 236 of 440 Case-3 block pairs (54%) are too large for the context; keeping only the small ones would bias the cell
[excluded] simcse/walmart-amazon: PC 0.207 outside [0.45, 0.8]
[excluded] simcse/dblp-scholar: 120 of 259 Case-3 block pairs (46%) are too large for the context; keeping only the small ones would bias the cell
[excluded] reclin2/dblp-acm: only 3 usable Case-3 block pairs (3 Case-3, 0 too large for the context)
[excluded] klsh/amazon-google: PC 0.362 outside [0.45, 0.8]
[excluded] klsh/walmart-amazon: PC 0.377 outside [0.45, 0.8]
[excluded] klsh/abt-buy: PC 0.442 outside [0.45, 0.8]
[excluded] klsh/dblp-scholar: 28 of 28 Case-3 block pairs (100%) are too large for the context; keeping only the small ones would bias the cell
[panel] 40 instances, 24 workers
v0 cora             dPC=+0.1394 d|C|=+25.73% pairs=+2396 ops={'move_to_y': 18, 'move_to_x': 9, 'none': 4}
v0 amazon-google    dPC=+0.0285 d|C|=-0.46% pairs=+37 ops={'move_to_y': 21, 'move_to_x': 10, 'new_block': 1}
v0 amazon-google    dPC=+0.0338 d|C|=-0.38% pairs=+44 ops={'move_to_x': 13, 'move_to_y': 18}
v0 dblp-acm         dPC=+0.0144 d|C|=-1.20% pairs=+32 ops={'move_to_y': 20, 'move_to_x': 12}
v0 dblp-acm         dPC=+0.0144 d|C|=-0.67% pairs=+32 ops={'move_to_y': 19, 'move_to_x': 13}
v0 dblp-acm         dPC=+0.0135 d|C|=-1.29% pairs=+30 ops={'move_to_y': 14, 'move_to_x': 18}
v0 amazon-google    dPC=+0.0308 d|C|=-0.20% pairs=+40 ops={'move_to_y': 24, 'move_to_x': 8}
v0 dblp-acm         dPC=+0.0126 d|C|=-0.49% pairs=+28 ops={'move_to_y': 21, 'move_to_x': 11}
v0 dblp-acm         dPC=+0.0144 d|C|=-0.49% pairs=+32 ops={'move_to_y': 22, 'move_to_x': 10}
v0 amazon-google    dPC=+0.0308 d|C|=-0.17% pairs=+40 ops={'move_to_x': 11, 'move_to_y': 20}
v0 dblp-acm         dPC=+0.0148 d|C|=-1.19% pairs=+33 ops={'move_to_y': 15, 'move_to_x': 17}
v0 cora             dPC=+0.0240 d|C|=-8.04% pairs=+413 ops={'none': 4, 'move_to_y': 14, 'new_block': 1, 'move_to_x': 13}
v0 dblp-acm         dPC=+0.0139 d|C|=-0.77% pairs=+31 ops={'move_to_y': 18, 'move_to_x': 14}
v0 cora             dPC=+0.0944 d|C|=+17.03% pairs=+1623 ops={'move_to_x': 8, 'none': 8, 'move_to_y': 15, 'new_block': 1}
v0 cora             dPC=+0.0818 d|C|=+18.08% pairs=+1405 ops={'move_to_x': 11, 'move_to_y': 11, 'none': 9, 'new_block': 1}
v0 cora             dPC=+0.0113 d|C|=-7.79% pairs=+194 ops={'move_to_x': 13, 'none': 2, 'move_to_y': 17}
v0 amazon-google    dPC=+0.0285 d|C|=-1.60% pairs=+37 ops={'move_to_x': 16, 'move_to_y': 16}
v0 cora             dPC=+0.1104 d|C|=+24.53% pairs=+1897 ops={'move_to_y': 15, 'new_block': 1, 'move_to_x': 12, 'none': 4}
v0 cora             dPC=+0.0137 d|C|=-17.26% pairs=+236 ops={'move_to_x': 10, 'none': 4, 'move_to_y': 15, 'new_block': 3}
v0 cora             dPC=+0.0194 d|C|=-8.75% pairs=+334 ops={'none': 3, 'move_to_y': 15, 'move_to_x': 12, 'new_block': 1}
v0 dblp-acm         dPC=+0.0139 d|C|=-1.07% pairs=+31 ops={'move_to_x': 16, 'move_to_y': 16}
v0 amazon-google    dPC=+0.0231 d|C|=-2.00% pairs=+30 ops={'move_to_x': 18, 'move_to_y': 14}
v0 amazon-google    dPC=+0.0323 d|C|=-2.21% pairs=+42 ops={'move_to_y': 14, 'move_to_x': 18}
v0 amazon-google    dPC=+0.0392 d|C|=-3.02% pairs=+51 ops={'move_to_x': 12, 'move_to_y': 20}
v0 cora             dPC=+0.0736 d|C|=+2.99% pairs=+1264 ops={'move_to_x': 12, 'move_to_y': 19}
v0 walmart-amazon   dPC=+0.0364 d|C|=-0.22% pairs=+42 ops={'move_to_x': 20, 'move_to_y': 12}
v0 walmart-amazon   dPC=+0.0355 d|C|=-0.18% pairs=+41 ops={'move_to_x': 19, 'move_to_y': 11, 'new_block': 1}
v0 walmart-amazon   dPC=+0.0312 d|C|=-0.19% pairs=+36 ops={'move_to_y': 12, 'move_to_x': 20}
v0 walmart-amazon   dPC=+0.0312 d|C|=-0.22% pairs=+36 ops={'move_to_y': 11, 'move_to_x': 20, 'new_block': 1}
v0 cora             dPC=+0.0063 d|C|=+0.87% pairs=+108 ops={'none': 5, 'move_to_y': 15, 'move_to_x': 10, 'new_block': 2}
v0 cora             dPC=+0.0026 d|C|=-1.19% pairs=+44 ops={'none': 8, 'move_to_x': 12, 'move_to_y': 11, 'new_block': 1}
v0 cora             dPC=+0.0109 d|C|=+1.51% pairs=+188 ops={'none': 3, 'move_to_x': 15, 'move_to_y': 12, 'new_block': 2}
v0 cora             dPC=-0.0030 d|C|=-3.55% pairs=-52 ops={'move_to_x': 13, 'move_to_y': 14, 'new_block': 2, 'none': 3}
v0 dblp-acm         dPC=+0.0135 d|C|=-0.82% pairs=+30 ops={'move_to_y': 21, 'move_to_x': 11}
v0 dblp-acm         dPC=+0.0144 d|C|=-0.65% pairs=+32 ops={'move_to_x': 14, 'move_to_y': 18}
v0 dblp-acm         dPC=+0.0144 d|C|=-0.40% pairs=+32 ops={'move_to_x': 11, 'move_to_y': 21}
v0 dblp-acm         dPC=+0.0139 d|C|=-0.43% pairs=+31 ops={'move_to_y': 23, 'move_to_x': 9}
v0 cora             dPC=+0.0237 d|C|=+1.88% pairs=+407 ops={'move_to_y': 18, 'move_to_x': 12, 'none': 2}
v0 cora             dPC=+0.0124 d|C|=-2.98% pairs=+213 ops={'move_to_y': 12, 'move_to_x': 14, 'none': 6}
v0 cora             dPC=+0.0716 d|C|=-0.36% pairs=+1230 ops={'move_to_x': 12, 'move_to_y': 20}
{
  "variants": 1,
  "n_pairs_per_instance": 32,
  "order": "random",
  "per_cell": {
    "klsh/cora": {
      "d_pc_mean": 0.045303770949720684,
      "d_pc_spread": 0.06116154562383613,
      "d_c_rel_mean": 0.0038146099561319857,
      "pairs_gained_mean": 778.5,
      "score_mean": 0.8298416954933177,
      "n": 4
    },
    "klsh/dblp-acm": {
      "d_pc_mean": 0.014051258992805737,
      "d_pc_spread": 0.0008992805755396738,
      "d_c_rel_mean": -0.005754021716174982,
      "pairs_gained_mean": 31.25,
      "score_mean": 0.623909968720735,
      "n": 4
    },
    "lambdafold/cora": {
      "d_pc_mean": 0.017123486964618226,
      "d_pc_spread": 0.012744413407821231,
      "d_c_rel_mean": -0.1046206440229378,
      "pairs_gained_mean": 294.25,
      "score_mean": 1.1262334515768018,
      "n": 4
    },
    "lambdafold/dblp-acm": {
      "d_pc_mean": 0.014163669064748224,
      "d_pc_spread": 0.0013489208633093441,
      "d_c_rel_mean": -0.011858321174044641,
      "pairs_gained_mean": 31.5,
      "score_mean": 0.260259366445188,
      "n": 4
    },
    "reclin2/amazon-google": {
      "d_pc_mean": 0.030769230769230757,
      "d_pc_spread": 0.016153846153846185,
      "d_c_rel_mean": -0.022088525317860427,
      "pairs_gained_mean": 40.0,
      "score_mean": 0.6282211602925776,
      "n": 4
    },
    "reclin2/cora": {
      "d_pc_mean": 0.004189944134078194,
      "d_pc_spread": 0.013966480446927387,
      "d_c_rel_mean": -0.005915617229485843,
      "pairs_gained_mean"
