[excluded] lambdafold/amazon-google: 29 of 88 Case-3 block pairs (33%) are too large for the context; keeping only the small ones would bias the cell
[excluded] lambdafold/walmart-amazon: 85 of 86 Case-3 block pairs (99%) are too large for the context; keeping only the small ones would bias the cell
[excluded] lambdafold/dblp-scholar: 236 of 440 Case-3 block pairs (54%) are too large for the context; keeping only the small ones would bias the cell
[excluded] simcse/walmart-amazon: PC 0.207 outside [0.45, 0.8]
[excluded] simcse/dblp-scholar: 120 of 259 Case-3 block pairs (46%) are too large for the context; keeping only the small ones would bias the cell
[excluded] reclin2/dblp-acm: only 3 usable Case-3 block pairs (3 Case-3, 0 too large for the context)
[excluded] klsh/amazon-google: PC 0.362 outside [0.45, 0.8]
[excluded] klsh/walmart-amazon: PC 0.377 outside [0.45, 0.8]
[excluded] klsh/abt-buy: PC 0.442 outside [0.45, 0.8]
[excluded] klsh/dblp-scholar: 28 of 28 Case-3 block pairs (100%) are too large for the context; keeping only the small ones would bias the cell
[panel] 40 instances, 24 workers
v0 dblp-acm         dPC=+0.0144 d|C|=-0.90% pairs=+32 ops={'move_to_y': 16, 'move_to_x': 16}
v0 dblp-acm         dPC=+0.0171 d|C|=-0.37% pairs=+38 ops={'move_to_y': 21, 'move_to_x': 11}
v0 cora             dPC=+0.1434 d|C|=+27.00% pairs=+2465 ops={'move_to_y': 19, 'move_to_x': 9, 'none': 4}
v0 cora             dPC=+0.0941 d|C|=+17.09% pairs=+1617 ops={'move_to_x': 8, 'move_to_y': 15, 'none': 7, 'new_block': 1}
v0 cora             dPC=+0.0815 d|C|=+16.97% pairs=+1401 ops={'move_to_x': 12, 'move_to_y': 11, 'none': 9}
v0 dblp-acm         dPC=+0.0139 d|C|=-1.38% pairs=+31 ops={'move_to_y': 13, 'move_to_x': 19}
v0 cora             dPC=+0.0908 d|C|=+18.54% pairs=+1561 ops={'move_to_y': 12, 'new_block': 2, 'move_to_x': 14, 'none': 4}
v0 amazon-google    dPC=+0.0277 d|C|=-1.50% pairs=+36 ops={'move_to_x': 17, 'move_to_y': 15}
v0 amazon-google    dPC=+0.0323 d|C|=-2.22% pairs=+42 ops={'move_to_y': 13, 'move_to_x': 19}
v0 dblp-acm         dPC=+0.0139 d|C|=-1.28% pairs=+31 ops={'move_to_y': 18, 'move_to_x': 13, 'none': 1}
v0 amazon-google    dPC=+0.0254 d|C|=-2.11% pairs=+33 ops={'move_to_x': 18, 'move_to_y': 14}
v0 amazon-google    dPC=+0.0400 d|C|=-3.04% pairs=+52 ops={'move_to_x': 12, 'move_to_y': 20}
v0 cora             dPC=+0.0134 d|C|=-17.30% pairs=+231 ops={'move_to_x': 10, 'none': 5, 'move_to_y': 14, 'new_block': 3}
v0 cora             dPC=+0.0237 d|C|=-8.06% pairs=+408 ops={'none': 5, 'move_to_y': 13, 'new_block': 1, 'move_to_x': 13}
v0 dblp-acm         dPC=+0.0144 d|C|=-1.13% pairs=+32 ops={'move_to_x': 16, 'move_to_y': 16}
v0 dblp-acm         dPC=+0.0148 d|C|=-1.24% pairs=+33 ops={'move_to_y': 14, 'move_to_x': 18}
v0 cora             dPC=+0.0158 d|C|=-7.04% pairs=+272 ops={'none': 3, 'move_to_y': 17, 'move_to_x': 12}
v0 amazon-google    dPC=+0.0338 d|C|=-0.53% pairs=+44 ops={'move_to_y': 16, 'move_to_x': 15, 'new_block': 1}
v0 amazon-google    dPC=+0.0346 d|C|=-0.28% pairs=+45 ops={'move_to_x': 13, 'move_to_y': 17}
v0 amazon-google    dPC=+0.0346 d|C|=-0.36% pairs=+45 ops={'move_to_y': 21, 'move_to_x': 10}
v0 amazon-google    dPC=+0.0323 d|C|=-0.28% pairs=+42 ops={'move_to_y': 21, 'move_to_x': 10}
v0 dblp-acm         dPC=+0.0139 d|C|=-0.66% pairs=+31 ops={'move_to_y': 18, 'move_to_x': 13, 'none': 1}
v0 cora             dPC=+0.0113 d|C|=-7.79% pairs=+194 ops={'move_to_x': 13, 'none': 3, 'move_to_y': 16}
v0 dblp-acm         dPC=+0.0094 d|C|=-0.89% pairs=+21 ops={'move_to_y': 22, 'move_to_x': 10}
v0 cora             dPC=+0.0711 d|C|=+2.66% pairs=+1221 ops={'move_to_y': 18, 'move_to_x': 11, 'none': 1}
v0 walmart-amazon   dPC=+0.0338 d|C|=-0.21% pairs=+39 ops={'move_to_x': 20, 'move_to_y': 11, 'new_block': 1}
v0 walmart-amazon   dPC=+0.0338 d|C|=-0.21% pairs=+39 ops={'move_to_y': 13, 'move_to_x': 18, 'new_block': 1}
v0 walmart-amazon   dPC=+0.0321 d|C|=-0.17% pairs=+37 ops={'move_to_y': 14, 'move_to_x': 18}
v0 walmart-amazon   dPC=+0.0303 d|C|=-0.22% pairs=+35 ops={'move_to_y': 11, 'move_to_x': 21}
v0 cora             dPC=+0.0101 d|C|=+1.57% pairs=+174 ops={'move_to_x': 10, 'move_to_y': 17, 'new_block': 1, 'none': 4}
v0 cora             dPC=+0.0079 d|C|=+1.18% pairs=+135 ops={'none': 6, 'move_to_x': 14, 'move_to_y': 10, 'new_block': 2}
v0 cora             dPC=+0.0097 d|C|=+1.33% pairs=+166 ops={'none': 5, 'move_to_x': 15, 'move_to_y': 10, 'new_block': 2}
v0 cora             dPC=+0.0085 d|C|=+0.26% pairs=+146 ops={'move_to_x': 12, 'move_to_y': 14, 'new_block': 3, 'none': 2}
v0 dblp-acm         dPC=+0.0135 d|C|=-0.82% pairs=+30 ops={'move_to_y': 21, 'move_to_x': 11}
v0 dblp-acm         dPC=+0.0144 d|C|=-0.58% pairs=+32 ops={'move_to_x': 16, 'move_to_y': 16}
v0 dblp-acm         dPC=+0.0144 d|C|=-0.40% pairs=+32 ops={'move_to_x': 11, 'move_to_y': 21}
v0 dblp-acm         dPC=+0.0139 d|C|=-0.49% pairs=+31 ops={'move_to_x': 11, 'move_to_y': 21}
v0 cora             dPC=+0.0261 d|C|=+0.74% pairs=+448 ops={'move_to_y': 15, 'move_to_x': 14, 'none': 3}
v0 cora             dPC=+0.0171 d|C|=-2.58% pairs=+293 ops={'move_to_y': 12, 'move_to_x': 15, 'none': 5}
v0 cora             dPC=+0.0820 d|C|=+0.35% pairs=+1409 ops={'move_to_x': 13, 'move_to_y': 19}
{
  "variants": 1,
  "n_pairs_per_instance": 32,
  "order": "random",
  "per_cell": {
    "klsh/cora": {
      "d_pc_mean": 0.0490427141527002,
      "d_pc_spread": 0.06494413407821231,
      "d_c_rel_mean": 0.002920560747663551,
      "pairs_gained_mean": 842.75,
      "score_mean": 0.8934312265761006,
      "n": 4
    },
    "klsh/dblp-acm": {
      "d_pc_mean": 0.014051258992805737,
      "d_pc_spread": 0.0008992805755396738,
      "d_c_rel_mean": -0.005734905364958454,
      "pairs_gained_mean": 31.25,
      "score_mean": 0.6238143869646524,
      "n": 4
    },
    "lambdafold/cora": {
      "d_pc_mean": 0.016076000931098663,
      "d_pc_spread": 0.012453445065176927,
      "d_c_rel_mean": -0.10050727834142038,
      "pairs_gained_mean": 276.25,
      "score_mean": 1.0750316592987965,
      "n": 4
    },
    "lambdafold/dblp-acm": {
      "d_pc_mean": 0.01427607913669067,
      "d_pc_spread": 0.0008992805755395628,
      "d_c_rel_mean": -0.012564514573058232,
      "pairs_gained_mean": 31.75,
      "score_mean": 0.2657004510508393,
      "n": 4
    },
    "reclin2/amazon-google": {
      "d_pc_mean": 0.03134615384615384,
      "d_pc_spread": 0.014615384615384586,
      "d_c_rel_mean": -0.02217413361235296,
      "pairs_gained_mean": 40.75,
      "score_mean": 0.6383810327585535,
      "n": 4
    },
    "reclin2/cora": {
      "d_pc_mean": 0.009034567039106128,
      "d_pc_spread": 0.002269553072625663,
      "d_c_rel_mean": 0.010868693350445175,
      "pairs_gained_mean":
