[excluded] lambdafold/amazon-google: 29 of 88 Case-3 block pairs (33%) are too large for the context; keeping only the small ones would bias the cell
[excluded] lambdafold/walmart-amazon: 85 of 86 Case-3 block pairs (99%) are too large for the context; keeping only the small ones would bias the cell
[excluded] lambdafold/dblp-scholar: 236 of 440 Case-3 block pairs (54%) are too large for the context; keeping only the small ones would bias the cell
[excluded] simcse/walmart-amazon: PC 0.207 outside [0.45, 0.8]
[excluded] simcse/dblp-scholar: 120 of 259 Case-3 block pairs (46%) are too large for the context; keeping only the small ones would bias the cell
[excluded] reclin2/dblp-acm: only 3 usable Case-3 block pairs (3 Case-3, 0 too large for the context)
[excluded] klsh/amazon-google: PC 0.362 outside [0.45, 0.8]
[excluded] klsh/walmart-amazon: PC 0.377 outside [0.45, 0.8]
[excluded] klsh/abt-buy: PC 0.442 outside [0.45, 0.8]
[excluded] klsh/dblp-scholar: 28 of 28 Case-3 block pairs (100%) are too large for the context; keeping only the small ones would bias the cell
[panel] 120 instances, 24 workers
v0 cora             dPC=+0.2512 d|C|=+46.82% pairs=+4316 ops={'move_to_x': 20, 'move_to_y': 34, 'none': 5}
v0 cora             dPC=+0.2118 d|C|=+37.74% pairs=+3639 ops={'move_to_y': 33, 'none': 8, 'move_to_x': 17}
v0 cora             dPC=+0.1916 d|C|=+36.64% pairs=+3293 ops={'move_to_y': 29, 'none': 8, 'new_block': 1, 'move_to_x': 21}
v0 cora             dPC=+0.0603 d|C|=-15.44% pairs=+1036 ops={'move_to_x': 30, 'move_to_y': 26, 'new_block': 4}
v0 amazon-google    dPC=+0.0508 d|C|=-4.40% pairs=+66 ops={'move_to_y': 28, 'move_to_x': 36}
v0 dblp-acm         dPC=+0.0315 d|C|=-2.33% pairs=+70 ops={'move_to_x': 28, 'move_to_y': 36}
v0 cora             dPC=+0.2765 d|C|=+49.57% pairs=+4752 ops={'move_to_y': 24, 'move_to_x': 21, 'none': 13}
v0 amazon-google    dPC=+0.0638 d|C|=-3.91% pairs=+83 ops={'move_to_y': 33, 'move_to_x': 31}
v0 dblp-acm         dPC=+0.0279 d|C|=-2.37% pairs=+62 ops={'move_to_x': 31, 'move_to_y': 33}
v0 cora             dPC=+0.0436 d|C|=-21.88% pairs=+749 ops={'move_to_y': 26, 'new_block': 3, 'move_to_x': 31, 'none': 3}
v0 amazon-google    dPC=+0.0608 d|C|=-4.80% pairs=+79 ops={'move_to_y': 32, 'move_to_x': 31}
v0 amazon-google    dPC=+0.0623 d|C|=-4.86% pairs=+81 ops={'move_to_y': 33, 'move_to_x': 31}
v0 dblp-acm         dPC=+0.0283 d|C|=-2.64% pairs=+63 ops={'move_to_x': 32, 'move_to_y': 32}
v0 cora             dPC=+0.0435 d|C|=-16.52% pairs=+747 ops={'new_block': 3, 'move_to_y': 35, 'move_to_x': 22, 'none': 3}
v0 cora             dPC=+0.0448 d|C|=-13.62% pairs=+770 ops={'move_to_y': 35, 'none': 9, 'move_to_x': 20}
v0 amazon-google    dPC=+0.0615 d|C|=-0.66% pairs=+80 ops={'move_to_y': 38, 'move_to_x': 19}
v0 amazon-google    dPC=+0.0592 d|C|=-0.01% pairs=+77 ops={'move_to_x': 20, 'move_to_y': 40}
v0 dblp-acm         dPC=+0.0279 d|C|=-1.08% pairs=+62 ops={'move_to_y': 36, 'move_to_x': 27, 'none': 1}
v0 amazon-google    dPC=+0.0677 d|C|=-0.40% pairs=+88 ops={'move_to_y': 41, 'move_to_x': 20, 'new_block': 1}
v0 dblp-acm         dPC=+0.0283 d|C|=-1.28% pairs=+63 ops={'move_to_y': 37, 'move_to_x': 27}
v0 amazon-google    dPC=+0.0577 d|C|=-0.17% pairs=+75 ops={'move_to_y': 38, 'move_to_x': 22, 'new_block': 1}
v0 dblp-acm         dPC=+0.0283 d|C|=-0.81% pairs=+63 ops={'move_to_y': 42, 'move_to_x': 22}
v0 dblp-acm         dPC=+0.0288 d|C|=-1.19% pairs=+64 ops={'move_to_x': 25, 'move_to_y': 39}
v0 dblp-acm         dPC=+0.0283 d|C|=-2.25% pairs=+63 ops={'move_to_x': 34, 'move_to_y': 30}
v0 walmart-amazon   dPC=+0.0390 d|C|=-0.25% pairs=+45 ops={'move_to_x': 22, 'move_to_y': 14, 'new_block': 1}
v0 walmart-amazon   dPC=+0.0416 d|C|=-0.22% pairs=+48 ops={'move_to_y': 16, 'move_to_x': 21}
v0 walmart-amazon   dPC=+0.0399 d|C|=-0.23% pairs=+46 ops={'move_to_x': 19, 'new_block': 1, 'move_to_y': 17}
v0 walmart-amazon   dPC=+0.0373 d|C|=-0.26% pairs=+43 ops={'move_to_y': 13, 'move_to_x': 22, 'new_block': 2}
v0 cora             dPC=+0.1141 d|C|=+3.07% pairs=+1960 ops={'move_to_y': 36, 'move_to_x': 24, 'none': 1, 'new_block': 1}
v0 cora             dPC=+0.0637 d|C|=-3.65% pairs=+1094 ops={'move_to_y': 34, 'move_to_x': 23, 'none': 4}
v0 cora             dPC=+0.1357 d|C|=+7.49% pairs=+2332 ops={'move_to_y': 31, 'move_to_x': 26, 'none': 3}
v1 cora             dPC=+0.0464 d|C|=-22.35% pairs=+798 ops={'new_block': 1, 'move_to_y': 27, 'move_to_x': 28, 'none': 4}
v1 cora             dPC=+0.0409 d|C|=-9.93% pairs=+702 ops={'move_to_x': 27, 'none': 4, 'move_to_y': 27, 'new_block': 4}
v1 cora             dPC=+0.0299 d|C|=-22.39% pairs=+514 ops={'move_to_x': 28, 'move_to_y': 30, 'none': 4, 'new_block': 1}
v1 cora             dPC=+0.0333 d|C|=-17.67% pairs=+572 ops={'move_to_y': 33, 'move_to_x': 22, 'none': 7}
v0 cora             dPC=+0.0255 d|C|=+3.51% pairs=+438 ops={'move_to_x': 22, 'move_to_y': 30, 'none': 10, 'new_block': 2}
v0 cora             dPC=+0.0470 d|C|=+5.03% pairs=+808 ops={'move_to_y': 28, 'move_to_x': 21, 'none': 12, 'new_block': 3}
v0 cora             dPC=+0.0353 d|C|=+4.86% pairs=+606 ops={'move_to_x': 27, 'move_to_y': 27, 'none': 6, 'new_block': 3}
v0 cora             dPC=+0.0651 d|C|=+8.65% pairs=+1118 ops={'move_to_x': 25, 'move_to_y': 30, 'new_block': 4, 'none': 5}
v0 dblp-acm         dPC=+0.0292 d|C|=-1.31% pairs=+65 ops={'move_to_y': 47, 'move_to_x': 17}
v0 dblp-acm         dPC=+0.0283 d|C|=-1.06% pairs=+63 ops={'move_to_y': 43, 'move_to_x': 21}
v0 dblp-acm         dPC=+0.0279 d|C|=-0.63% pairs=+62 ops={'move_to_y': 42, 'move_to_x': 22}
v0 dblp-acm         dPC=+0.0288 d|C|=-0.98% pairs=+64 ops={'move_to_x': 17, 'move_to_y': 47}
v0 cora             dPC=+0.0659 d|C|=-0.18% pairs=+1133 ops={'move_to_y': 27, 'move_to_x': 32, 'none': 5}
v1 dblp-acm         dPC=+0.0288 d|C|=-2.20% pairs=+64 ops={'move_to_x': 27, 'move_to_y': 37}
v1 dblp-acm         dPC=+0.0283 d|C|=-2.17% pairs=+63 ops={'move_to_x': 26, 'move_to_y': 38}
v1 dblp-acm         dPC=+0.0288 d|C|=-1.94% pairs=+64 ops={'move_to_x': 31, 'move_to_y': 33}
v1 dblp-acm         dPC=+0.0279 d|C|=-2.01% pairs=+62 ops={'move_to_x': 31, 'move_to_y': 33}
v1 amazon-google    dPC=+0.0623 d|C|=-0.02% pairs=+81 ops={'move_to_x': 19, 'move_to_y': 42}
v1 amazon-google    dPC=+0.0638 d|C|=-0.07% pairs=+83 ops={'move_to_x': 19, 'move_to_y': 45}
v1 amazon-google    dPC=+0.0600 d|C|=-0.61% pairs=+78 ops={'move_to_y': 41, 'move_to_x': 18, 'new_block': 1}
v1 amazon-google    dPC=+0.0638 d|C|=-0.72% pairs=+83 ops={'move_to_y': 37, 'move_to_x': 22}
v1 walmart-amazon   dPC=+0.0373 d|C|=-0.21% pairs=+43 ops={'move_to_x': 20, 'new_block': 1, 'move_to_y': 15}
v1 walmart-amazon   dPC=+0.0338 d|C|=-0.24% pairs=+39 ops={'move_to_y': 14, 'move_to_x': 23}
v1 walmart-amazon   dPC=+0.0416 d|C|=-0.23% pairs=+48 ops={'move_to_y': 16, 'move_to_x': 21}
v1 walmart-amazon   dPC=+0.0399 d|C|=-0.20% pairs=+46 ops={'move_to_x': 22, 'move_to_y': 15}
v1 cora             dPC=+0.2082 d|C|=+39.14% pairs=+3578 ops={'move_to_y': 30, 'move_to_x': 14, 'none': 11}
v1 cora             dPC=+0.1898 d|C|=+42.56% pairs=+3261 ops={'move_to_y': 23, 'move_to_x': 25, 'none': 9, 'new_block': 1}
v1 cora             dPC=+0.2385 d|C|=+50.88% pairs=+4098 ops={'move_to_x': 15, 'none': 6, 'move_to_y': 34, 'new_block': 1}
v1 cora             dPC=+0.2239 d|C|=+44.99% pairs=+3847 ops={'move_to_y': 24, 'none': 14, 'move_to_x': 22}
v1 cora             dPC=+0.0553 d|C|=+7.68% pairs=+951 ops={'move_to_y': 29, 'move_to_x': 23, 'none': 6, 'new_block': 2}
v1 dblp-acm         dPC=+0.0283 d|C|=-1.30% pairs=+63 ops={'move_to_y': 36, 'move_to_x': 28}
v1 dblp-acm         dPC=+0.0288 d|C|=-1.21% pairs=+64 ops={'move_to_x': 24, 'move_to_y': 40}
v1 dblp-acm         dPC=+0.0283 d|C|=-1.12% pairs=+63 ops={'move_to_y': 38, 'move_to_x': 26}
v1 cora             dPC=+0.0328 d|C|=+4.54% pairs=+563 ops={'move_to_y': 31, 'new_block': 2, 'move_to_x': 26, 'none': 3}
v1 dblp-acm         dPC=+0.0274 d|C|=-0.92% pairs=+61 ops={'move_to_x': 29, 'move_to_y': 35}
v1 cora             dPC=+0.0348 d|C|=+4.60% pairs=+598 ops={'move_to_y': 37, 'none': 7, 'move_to_x': 16, 'new_block': 2}
v1 amazon-google    dPC=+0.0638 d|C|=-4.72% pairs=+83 ops={'move_to_x': 27, 'move_to_y': 35, 'new_block': 1, 'none': 1}
v1 amazon-google    dPC=+0.0600 d|C|=-6.00% pairs=+78 ops={'move_to_y': 34, 'move_to_x': 29}
v1 amazon-google    dPC=+0.0569 d|C|=-4.18% pairs=+74 ops={'move_to_x': 26, 'move_to_y': 38}
v1 amazon-google    dPC=+0.0646 d|C|=-3.99% pairs=+84 ops={'move_to_x': 33, 'move_to_y': 31}
v1 cora             dPC=+0.0334 d|C|=+1.41% pairs=+574 ops={'move_to_y': 23, 'none': 12, 'move_to_x': 27, 'new_block': 2}
v1 dblp-acm         dPC=+0.0283 d|C|=-1.73% pairs=+63 ops={'move_to_y': 42, 'move_to_x': 22}
v1 dblp-acm         dPC=+0.0288 d|C|=-1.36% pairs=+64 ops={'move_to_y': 46, 'move_to_x': 18}
v1 cora             dPC=+0.0967 d|C|=-4.36% pairs=+1661 ops={'move_to_y': 32, 'move_to_x': 23, 'none': 5}
v1 cora             dPC=+0.1579 d|C|=+11.19% pairs=+2713 ops={'move_to_y': 36, 'move_to_x': 24, 'none': 2}
v1 dblp-acm         dPC=+0.0283 d|C|=-0.82% pairs=+63 ops={'move_to_y': 47, 'move_to_x': 17}
v1 cora             dPC=+0.0697 d|C|=-2.07% pairs=+1198 ops={'move_to_y': 30, 'move_to_x': 28, 'none': 4}
v1 dblp-acm         dPC=+0.0270 d|C|=-1.08% pairs=+60 ops={'move_to_x': 19, 'move_to_y': 45}
v1 cora             dPC=+0.1077 d|C|=+3.02% pairs=+1851 ops={'move_to_x': 25, 'move_to_y': 34, 'none': 5}
v2 dblp-acm         dPC=+0.0288 d|C|=-2.10% pairs=+64 ops={'move_to_x': 26, 'move_to_y': 38}
v2 dblp-acm         dPC=+0.0288 d|C|=-2.06% pairs=+64 ops={'move_to_y': 35, 'move_to_x': 29}
v2 dblp-acm         dPC=+0.0310 d|C|=-2.03% pairs=+69 ops={'move_to_x': 35, 'move_to_y': 29}
v2 cora             dPC=+0.0773 d|C|=-23.77% pairs=+1328 ops={'move_to_y': 26, 'move_to_x': 29, 'none': 7, 'new_block': 1}
v2 dblp-acm         dPC=+0.0292 d|C|=-1.63% pairs=+65 ops={'move_to_y': 34, 'move_to_x': 30}
v2 cora             dPC=+0.0688 d|C|=-12.25% pairs=+1182 ops={'move_to_x': 30, 'new_block': 2, 'move_to_y': 29, 'none': 2}
v2 cora             dPC=+0.0424 d|C|=-13.95% pairs=+729 ops={'none': 2, 'move_to_x': 25, 'move_to_y': 34, 'new_block': 2}
v2 cora             dPC=+0.0229 d|C|=-10.77% pairs=+394 ops={'move_to_x': 25, 'new_block': 1, 'move_to_y': 34, 'none': 4}
v2 amazon-google    dPC=+0.0646 d|C|=-0.28% pairs=+84 ops={'move_to_x': 22, 'move_to_y': 41}
v2 amazon-google    dPC=+0.0662 d|C|=-0.20% pairs=+86 ops={'move_to_y': 43, 'move_to_x': 20}
v2 amazon-google    dPC=+0.0631 d|C|=-0.64% pairs=+82 ops={'new_block': 3, 'move_to_y': 42, 'move_to_x': 16}
v2 amazon-google    dPC=+0.0654 d|C|=-0.64% pairs=+85 ops={'move_to_y': 33, 'move_to_x': 29, 'new_block': 1}
v2 dblp-acm         dPC=+0.0288 d|C|=-1.09% pairs=+64 ops={'move_to_y': 36, 'move_to_x': 28}
v2 dblp-acm         dPC=+0.0288 d|C|=-0.98% pairs=+64 ops={'move_to_x': 24, 'move_to_y': 40}
v2 dblp-acm         dPC=+0.0279 d|C|=-1.25% pairs=+62 ops={'move_to_y': 38, 'move_to_x': 26}
v2 dblp-acm         dPC=+0.0288 d|C|=-1.21% pairs=+64 ops={'move_to_y': 42, 'move_to_x': 22}
v2 cora             dPC=+0.1679 d|C|=+39.29% pairs=+2885 ops={'none': 9, 'move_to_y': 26, 'move_to_x': 21}
v2 cora             dPC=+0.1600 d|C|=+31.15% pairs=+2750 ops={'move_to_x': 19, 'move_to_y': 31, 'none': 7, 'new_block': 2}
v2 walmart-amazon   dPC=+0.0381 d|C|=-0.23% pairs=+44 ops={'move_to_x': 23, 'move_to_y': 13, 'new_block': 1}
v2 cora             dPC=+0.2068 d|C|=+41.93% pairs=+3554 ops={'move_to_x': 19, 'none': 9, 'move_to_y': 32}
v2 cora             dPC=+0.1655 d|C|=+32.09% pairs=+2844 ops={'none': 11, 'move_to_y': 28, 'move_to_x': 20}
v2 walmart-amazon   dPC=+0.0399 d|C|=-0.26% pairs=+46 ops={'move_to_y': 17, 'move_to_x': 20}
v2 walmart-amazon   dPC=+0.0355 d|C|=-0.24% pairs=+41 ops={'move_to_y': 15, 'move_to_x': 19, 'new_block': 2, 'none': 1}
v2 walmart-amazon   dPC=+0.0373 d|C|=-0.20% pairs=+43 ops={'move_to_y': 17, 'move_to_x': 20}
v2 amazon-google    dPC=+0.0669 d|C|=-4.66% pairs=+87 ops={'move_to_x': 28, 'move_to_y': 35, 'none': 1}
v2 amazon-google    dPC=+0.0585 d|C|=-5.48% pairs=+76 ops={'move_to_x': 28, 'move_to_y': 36}
v2 amazon-google    dPC=+0.0708 d|C|=-5.69% pairs=+92 ops={'move_to_y': 37, 'move_to_x': 27}
v2 amazon-google    dPC=+0.0600 d|C|=-5.94% pairs=+78 ops={'move_to_x': 27, 'move_to_y': 36}
v2 cora             dPC=+0.0351 d|C|=+5.03% pairs=+604 ops={'none': 6, 'move_to_x': 27, 'move_to_y': 27, 'new_block': 3}
v2 cora             dPC=+0.0489 d|C|=+6.80% pairs=+840 ops={'move_to_y': 18, 'move_to_x': 34, 'none': 11}
v2 cora             dPC=+0.0494 d|C|=+3.62% pairs=+849 ops={'none': 10, 'move_to_y': 26, 'move_to_x': 24, 'new_block': 2}
v2 cora             dPC=+0.0347 d|C|=+4.80% pairs=+597 ops={'move_to_y': 26, 'none': 3, 'new_block': 2, 'move_to_x': 31}
v2 cora             dPC=+0.1347 d|C|=+6.07% pairs=+2315 ops={'move_to_x': 25, 'move_to_y': 34, 'none': 3}
v2 cora             dPC=+0.1102 d|C|=+1.18% pairs=+1894 ops={'move_to_x': 25, 'move_to_y': 33, 'none': 4}
v2 dblp-acm         dPC=+0.0283 d|C|=-0.96% pairs=+63 ops={'move_to_x': 23, 'move_to_y': 41}
v2 dblp-acm         dPC=+0.0283 d|C|=-1.23% pairs=+63 ops={'move_to_x': 22, 'move_to_y': 42}
v2 cora             dPC=+0.1034 d|C|=-2.09% pairs=+1776 ops={'move_to_x': 21, 'move_to_y': 37, 'none': 4}
v2 dblp-acm         dPC=+0.0288 d|C|=-0.79% pairs=+64 ops={'move_to_x': 23, 'move_to_y': 41}
v2 dblp-acm         dPC=+0.0279 d|C|=-1.02% pairs=+62 ops={'move_to_x': 20, 'move_to_y': 44}
v2 cora             dPC=+0.1333 d|C|=+4.00% pairs=+2290 ops={'move_to_x': 26, 'move_to_y': 35, 'none': 3}
{
  "variants": 3,
  "n_pairs_per_instance": 64,
  "order": "random",
  "per_cell": {
    "klsh/cora": {
      "d_pc_mean": 0.10774072780881443,
      "d_pc_spread": 0.09421554934823084,
      "d_c_rel_mean": 0.019724712314832474,
      "pairs_gained_mean": 1851.4166666666667,
      "score_mean": 0.8399214576035067,
      "n": 12
    },
    "klsh/dblp-acm": {
      "d_pc_mean": 0.028327338129496366,
      "d_pc_spread": 0.0022482014388489624,
      "d_c_rel_mean": -0.01081105519831242,
      "pairs_gained_mean": 63.0,
      "score_mean": 0.6164142182541279,
      "n": 12
    },
    "lambdafold/cora": {
      "d_pc_mean": 0.0461718265052762,
      "d_pc_spread": 0.05435288640595903,
      "d_c_rel_mean": -0.16710777826790177,
      "pairs_gained_mean": 793.4166666666666,
      "score_mean": 1.698142001156974,
      "n": 12
    },
    "lambdafold/dblp-acm": {
      "d_pc_mean": 0.02896432853717028,
      "d_pc_spread": 0.003597122302158251,
      "d_c_rel_mean": -0.021436273268456995,
      "pairs_gained_mean": 64.41666666666667,
      "score_mean": 0.33700499070318,
      "n": 12
    },
    "reclin2/amazon-google": {
      "d_pc_mean": 0.06160256410256409,
      "d_pc_spread": 0.020000000000000018,
      "d_c_rel_mean": -0.04886225519726899,
      "pairs_gained_mean": 80.08333333333333,
      "score_mean": 0.7786489170954561,
      "n": 12
    },
    "reclin2/cora": {
      "d_pc_mean": 0.041443590937305985,
      "d_pc_spread": 0.039571694599627505,
      "d_c_rel_mean": 0.05
